=== Clean Repo Purge v7.0.0 - 2026-05-25 23:22:46 UTC ===
Repository: edukadoj/download_to_repo_from_link
Triggered by: edukadoj
Job ID: 26423706656
Target branch: main

--- Step 1: Download original ZIP ---
Original ZIP size: 68893208 bytes (65.70 MB / .06 GB)
=========================================
CURRENT ZIP SIZE: 65.70 MB
=========================================
Extracting ZIP to fresh directory...
Extraction complete.
Creating fresh Git repository (no history)...
Fresh repo created with all current files.
Force pushing fresh repo to replace remote branch...
Force push completed.
Downloading new ZIP immediately after push...
New ZIP size: 68893208 bytes (65.70 MB / .06 GB)
=========================================
NEW ZIP SIZE: 65.70 MB
=========================================
-----------------------------------------
SIZE REDUCTION (history purged):
  Before: 68893208 bytes
  After:  68893208 bytes
  Reduction: 0 bytes (0 MB)
-----------------------------------------
Pushing log file to logs/ folder...
